[rbxstacks.com/index.html]
[backblue.gif]
[fade.gif]
[index.html]
[rbxstacks.com/assets/images/favicon.png]
[rbxstacks.com/assets/images/winlogo2.png]
[rbxstacks.com/assets/css/bootstrap.min.css]
[rbxstacks.com/assets/css/style.css]
[rbxstacks.com/assets/images/bg-city.png]
[rbxstacks.com/login.html]
[rbxstacks.com/assets/images/robuxman.png]
[pagead2.googlesyndication.com/pagead/js/f.txt]
[rbxstacks.com/help/getting-started.html]
[rbxstacks.com/assets/js/jquery.min.js]
[rbxstacks.com/assets/js/bootstrap.min.js]
[rbxstacks.com/assets/js/fontawesome-all.min.js]
[rbxstacks.com/index.html]
[rbxstacks.com/assets/css/bootstrap.min.css]
[rbxstacks.com/assets/css/style.css]
[rbxstacks.com/assets/js/fa-v4-shims.min.js]
[rbxstacks.com/login.html]
[rbxstacks.com/help/earning-robux.html]
[rbxstacks.com/help/withdrawing-robux.html]
[rbxstacks.com/help/sponsorships.html]
[rbxstacks.com/help/missing-robux.html]
[rbxstacks.com/help/contact-us.html]
[rbxstacks.com/help/getting-started.html]
[rbxstacks.com/help/earning-robux.html]
[rbxstacks.com/help/withdrawing-robux.html]
[rbxstacks.com/cdn-cgi/l/email-protection.html]
[rbxstacks.com/help/sponsorships.html]
[rbxstacks.com/cdn-cgi/scripts/5c5dd728/cloudflare-static/email-decode.min.js]
[rbxstacks.com/help/missing-robux.html]
[rbxstacks.com/help/contact-us.html]
[rbxstacks.com/cdn-cgi/l/email-protection.html]
